NAME          REFERENCE            TARGETS        MINPODS   MAXPODS   REPLICAS   AGE
backend-hpa   Deployment/backend   cpu: 69%/60%   2         10        3          14m
backend-hpa   Deployment/backend   cpu: 28%/60%   2         10        3          14m
backend-hpa   Deployment/backend   cpu: 101%/60%   2         10        3          15m
backend-hpa   Deployment/backend   cpu: 184%/60%   2         10        6          15m
backend-hpa   Deployment/backend   cpu: 173%/60%   2         10        10         15m
backend-hpa   Deployment/backend   cpu: 157%/60%   2         10        10         15m
backend-hpa   Deployment/backend   cpu: 136%/60%   2         10        10         16m
backend-hpa   Deployment/backend   cpu: 64%/60%    2         10        10         16m
backend-hpa   Deployment/backend   cpu: 63%/60%    2         10        10         16m
backend-hpa   Deployment/backend   cpu: 10%/60%    2         10        10         16m
backend-hpa   Deployment/backend   cpu: 40%/60%    2         10        10         17m
backend-hpa   Deployment/backend   cpu: 40%/60%    2         10        10         80m
backend-hpa   Deployment/backend   cpu: 25%/60%    2         10        10         81m
backend-hpa   Deployment/backend   cpu: 30%/60%    2         10        10         99m
backend-hpa   Deployment/backend   cpu: 17%/60%    2         10        10         99m
backend-hpa   Deployment/backend   cpu: 17%/60%    2         10        10         153m
backend-hpa   Deployment/backend   cpu: 34%/60%    2         10        10         153m
backend-hpa   Deployment/backend   cpu: 34%/60%    2         10        10         3h37m
backend-hpa   Deployment/backend   cpu: 48%/60%    2         10        10         4h27m
backend-hpa   Deployment/backend   cpu: 11%/60%    2         10        10         4h27m
backend-hpa   Deployment/backend   cpu: 11%/60%    2         10        10         5h51m
backend-hpa   Deployment/backend   cpu: 20%/60%    2         10        10         5h51m
backend-hpa   Deployment/backend   cpu: 20%/60%    2         10        10         7h31m
backend-hpa   Deployment/backend   cpu: 24%/60%    2         10        10         7h32m
backend-hpa   Deployment/backend   cpu: 26%/60%    2         10        10         8h
backend-hpa   Deployment/backend   cpu: 25%/60%    2         10        10         8h
backend-hpa   Deployment/backend   cpu: 39%/60%    2         10        10         8h
backend-hpa   Deployment/backend   cpu: 17%/60%    2         10        10         8h
backend-hpa   Deployment/backend   cpu: 24%/60%    2         10        8          8h
backend-hpa   Deployment/backend   cpu: 37%/60%    2         10        8          8h
backend-hpa   Deployment/backend   cpu: 40%/60%    2         10        8          8h
backend-hpa   Deployment/backend   cpu: 13%/60%    2         10        8          8h
backend-hpa   Deployment/backend   cpu: 11%/60%    2         10        8          8h
backend-hpa   Deployment/backend   cpu: 11%/60%    2         10        8          9h
backend-hpa   Deployment/backend   cpu: 33%/60%    2         10        8          9h
backend-hpa   Deployment/backend   cpu: 13%/60%    2         10        8          9h
backend-hpa   Deployment/backend   cpu: 16%/60%    2         10        8          9h
backend-hpa   Deployment/backend   cpu: 43%/60%    2         10        8          9h
backend-hpa   Deployment/backend   cpu: 14%/60%    2         10        7          9h
backend-hpa   Deployment/backend   cpu: 14%/60%    2         10        7          10h
backend-hpa   Deployment/backend   cpu: 19%/60%    2         10        7          10h
backend-hpa   Deployment/backend   cpu: 17%/60%    2         10        7          10h
backend-hpa   Deployment/backend   cpu: 11%/60%    2         10        7          10h
backend-hpa   Deployment/backend   cpu: 15%/60%    2         10        7          11h
backend-hpa   Deployment/backend   cpu: 6%/60%     2         10        7          11h
backend-hpa   Deployment/backend   cpu: 6%/60%     2         10        7          11h
backend-hpa   Deployment/backend   cpu: 15%/60%    2         10        7          11h
backend-hpa   Deployment/backend   cpu: 6%/60%     2         10        6          11h
backend-hpa   Deployment/backend   cpu: 11%/60%    2         10        6          11h
backend-hpa   Deployment/backend   cpu: 20%/60%    2         10        6          12h
backend-hpa   Deployment/backend   cpu: 28%/60%    2         10        6          12h
backend-hpa   Deployment/backend   cpu: 28%/60%    2         10        6          12h
backend-hpa   Deployment/backend   cpu: 131%/60%   2         10        6          12h
backend-hpa   Deployment/backend   cpu: 97%/60%    2         10        10         12h
backend-hpa   Deployment/backend   cpu: 53%/60%    2         10        10         12h
backend-hpa   Deployment/backend   cpu: 57%/60%    2         10        10         12h
backend-hpa   Deployment/backend   cpu: <unknown>/60%   2         10        10         13h
backend-hpa   Deployment/backend   cpu: 2%/60%          2         10        10         13h
backend-hpa   Deployment/backend   cpu: 2%/60%          2         10        10         14h
backend-hpa   Deployment/backend   cpu: 20%/60%         2         10        10         14h
backend-hpa   Deployment/backend   cpu: 1%/60%          2         10        10         14h
backend-hpa   Deployment/backend   cpu: 36%/60%         2         10        10         14h
backend-hpa   Deployment/backend   cpu: 8%/60%          2         10        10         14h
backend-hpa   Deployment/backend   cpu: 28%/60%         2         10        10         14h
backend-hpa   Deployment/backend   cpu: 8%/60%          2         10        10         14h
backend-hpa   Deployment/backend   cpu: 8%/60%          2         10        10         15h
backend-hpa   Deployment/backend   cpu: 9%/60%          2         10        10         15h
backend-hpa   Deployment/backend   cpu: 20%/60%         2         10        10         15h
backend-hpa   Deployment/backend   cpu: 16%/60%         2         10        10         15h
backend-hpa   Deployment/backend   cpu: 16%/60%         2         10        10         16h
backend-hpa   Deployment/backend   cpu: 1%/60%          2         10        6          16h
backend-hpa   Deployment/backend   cpu: 1%/60%          2         10        6          16h
backend-hpa   Deployment/backend   cpu: 19%/60%         2         10        6          16h
backend-hpa   Deployment/backend   cpu: 5%/60%          2         10        6          16h
backend-hpa   Deployment/backend   cpu: 27%/60%         2         10        6          16h
backend-hpa   Deployment/backend   cpu: 20%/60%         2         10        6          16h
backend-hpa   Deployment/backend   cpu: 11%/60%         2         10        6          16h
